
> build
> npm run build --workspace=web


> build
> react-router build

node.exe : [tsconfig-paths] An error occurred 
while parsing "C:\Users\maju\Downloads\anything\an
ything\apps\mobile\tsconfig.json". See below for 
details. To disable this message, set the 
`ignoreConfigErrors` option to true.
At C:\Program Files\nodejs\npm.ps1:29 char:3
+   & $NODE_EXE $NPM_CLI_JS $args
+   ~~~~~~~~~~~~~~~~~~~~~~~~~~~~~
    + CategoryInfo          : NotSpecified: ([tsc 
   onfig-paths...option to true.:String) [], Rem  
  oteException
    + FullyQualifiedErrorId : NativeCommandError
 
TSConfckParseError: failed to resolve 
"extends":"expo/tsconfig.base" in C:\Users\maju\Do
wnloads\anything\anything\apps\mobile\tsconfig.jso
n
    at resolveExtends (file:///C:/Users/maju/Downl
oads/anything/anything/apps/web/node_modules/tscon
fck/src/parse.js:262:8)
    at parseExtends (file:///C:/Users/maju/Downloa
ds/anything/anything/apps/web/node_modules/tsconfc
k/src/parse.js:197:24)
    ... 5 lines matching cause stack trace ...
    at hasReactRouterRscPlugin (C:\Users\maju\Down
loads\anything\anything\apps\web\node_modules\@rea
ct-router\dev\dist\cli\index.js:1384:22)
    at build (C:\Users\maju\Downloads\anything\any
thing\apps\web\node_modules\@react-router\dev\dist
\cli\index.js:1962:72)
    at build2 (C:\Users\maju\Downloads\anything\an
ything\apps\web\node_modules\@react-router\dev\dis
t\cli\index.js:2301:5) {
  code: 'EXTENDS_RESOLVE',
  cause: Error: Cannot find module 
'expo/tsconfig.base/tsconfig.json'
  Require stack:
  - C:\Users\maju\Downloads\anything\anything\apps
\mobile\tsconfig.json
      at Function._resolveFilename 
(node:internal/modules/cjs/loader:1401:15)
      at Function.resolve 
(node:internal/modules/helpers:145:19)
      at resolveExtends (file:///C:/Users/maju/Dow
nloads/anything/anything/apps/web/node_modules/tsc
onfck/src/parse.js:256:15)
      at parseExtends (file:///C:/Users/maju/Downl
oads/anything/anything/apps/web/node_modules/tscon
fck/src/parse.js:197:24)
      at Module.parse (file:///C:/Users/maju/Downl
oads/anything/anything/apps/web/node_modules/tscon
fck/src/parse.js:54:23)
      at async Promise.all (index 0)
      at configResolved (file:///C:/Users/maju/Dow
nloads/anything/anything/apps/web/node_modules/vit
e-tsconfig-paths/src/index.ts:106:9)
      at async Promise.all (index 1)
      at Module.resolveConfig (file:///C:/Users/ma
ju/Downloads/anything/anything/apps/web/node_modul
es/vite/dist/node/chunks/dep-D4NMHUTW.js:49120:3)
      at hasReactRouterRscPlugin (C:\Users\maju\Do
wnloads\anything\anything\apps\web\node_modules\@r
eact-router\dev\dist\cli\index.js:1384:22) {
    code: 'MODULE_NOT_FOUND',
    requireStack: [
      'C:\\Users\\maju\\Downloads\\anything\\anyth
ing\\apps\\mobile\\tsconfig.json'
    ]
  },
  tsconfigFile: 'C:\\Users\\maju\\Downloads\\anyth
ing\\anything\\apps\\mobile\\tsconfig.json'
}
[tsconfig-paths] An error occurred while parsing "
C:\Users\maju\Downloads\anything\anything\apps\mob
ile\tsconfig.json". See below for details. To 
disable this message, set the 
`ignoreConfigErrors` option to true.
TSConfckParseError: failed to resolve 
"extends":"expo/tsconfig.base" in C:\Users\maju\Do
wnloads\anything\anything\apps\mobile\tsconfig.jso
n
    at resolveExtends (file:///C:/Users/maju/Downl
oads/anything/anything/apps/web/node_modules/tscon
fck/src/parse.js:262:8)
    at parseExtends (file:///C:/Users/maju/Downloa
ds/anything/anything/apps/web/node_modules/tsconfc
k/src/parse.js:197:24)
    ... 5 lines matching cause stack trace ...
    at _createServer (file:///C:/Users/maju/Downlo
ads/anything/anything/apps/web/node_modules/vite/d
ist/node/chunks/dep-D4NMHUTW.js:38349:66)
    at configResolved (C:\Users\maju\Downloads\any
thing\anything\apps\web\node_modules\@react-router
\dev\dist\vite.js:3678:29)
    at async Promise.all (index 3) {
  code: 'EXTENDS_RESOLVE',
  cause: Error: Cannot find module 
'expo/tsconfig.base/tsconfig.json'
  Require stack:
  - C:\Users\maju\Downloads\anything\anything\apps
\mobile\tsconfig.json
      at Function._resolveFilename 
(node:internal/modules/cjs/loader:1401:15)
      at Function.resolve 
(node:internal/modules/helpers:145:19)
      at resolveExtends (file:///C:/Users/maju/Dow
nloads/anything/anything/apps/web/node_modules/tsc
onfck/src/parse.js:256:15)
      at parseExtends (file:///C:/Users/maju/Downl
oads/anything/anything/apps/web/node_modules/tscon
fck/src/parse.js:197:24)
      at Module.parse (file:///C:/Users/maju/Downl
oads/anything/anything/apps/web/node_modules/tscon
fck/src/parse.js:54:23)
      at async Promise.all (index 0)
      at configResolved (file:///C:/Users/maju/Dow
nloads/anything/anything/apps/web/node_modules/vit
e-tsconfig-paths/src/index.ts:106:9)
      at async Promise.all (index 1)
      at resolveConfig (file:///C:/Users/maju/Down
loads/anything/anything/apps/web/node_modules/vite
/dist/node/chunks/dep-D4NMHUTW.js:49120:3)
      at _createServer (file:///C:/Users/maju/Down
loads/anything/anything/apps/web/node_modules/vite
/dist/node/chunks/dep-D4NMHUTW.js:38349:66) {
    code: 'MODULE_NOT_FOUND',
    requireStack: [
      'C:\\Users\\maju\\Downloads\\anything\\anyth
ing\\apps\\mobile\\tsconfig.json'
    ]
  },
  tsconfigFile: 'C:\\Users\\maju\\Downloads\\anyth
ing\\anything\\apps\\mobile\\tsconfig.json'
}
[tsconfig-paths] An error occurred while parsing "
C:\Users\maju\Downloads\anything\anything\apps\mob
ile\tsconfig.json". See below for details. To 
disable this message, set the 
`ignoreConfigErrors` option to true.
TSConfckParseError: failed to resolve 
"extends":"expo/tsconfig.base" in C:\Users\maju\Do
wnloads\anything\anything\apps\mobile\tsconfig.jso
n
    at resolveExtends (file:///C:/Users/maju/Downl
oads/anything/anything/apps/web/node_modules/tscon
fck/src/parse.js:262:8)
    at parseExtends (file:///C:/Users/maju/Downloa
ds/anything/anything/apps/web/node_modules/tsconfc
k/src/parse.js:197:24)
    ... 5 lines matching cause stack trace ...
    at resolveViteConfig (C:\Users\maju\Downloads\
anything\anything\apps\web\node_modules\@react-rou
ter\dev\dist\cli\index.js:1606:20)
    at viteBuild (C:\Users\maju\Downloads\anything
\anything\apps\web\node_modules\@react-router\dev\
dist\cli\index.js:2037:20)
    at build (C:\Users\maju\Downloads\anything\any
thing\apps\web\node_modules\@react-router\dev\dist
\cli\index.js:1963:10) {
  code: 'EXTENDS_RESOLVE',
  cause: Error: Cannot find module 
'expo/tsconfig.base/tsconfig.json'
  Require stack:
  - C:\Users\maju\Downloads\anything\anything\apps
\mobile\tsconfig.json
      at Function._resolveFilename 
(node:internal/modules/cjs/loader:1401:15)
      at Function.resolve 
(node:internal/modules/helpers:145:19)
      at resolveExtends (file:///C:/Users/maju/Dow
nloads/anything/anything/apps/web/node_modules/tsc
onfck/src/parse.js:256:15)
      at parseExtends (file:///C:/Users/maju/Downl
oads/anything/anything/apps/web/node_modules/tscon
fck/src/parse.js:197:24)
      at Module.parse (file:///C:/Users/maju/Downl
oads/anything/anything/apps/web/node_modules/tscon
fck/src/parse.js:54:23)
      at async Promise.all (index 0)
      at configResolved (file:///C:/Users/maju/Dow
nloads/anything/anything/apps/web/node_modules/vit
e-tsconfig-paths/src/index.ts:106:9)
      at async Promise.all (index 1)
      at Module.resolveConfig (file:///C:/Users/ma
ju/Downloads/anything/anything/apps/web/node_modul
es/vite/dist/node/chunks/dep-D4NMHUTW.js:49120:3)
      at resolveViteConfig (C:\Users\maju\Download
s\anything\anything\apps\web\node_modules\@react-r
outer\dev\dist\cli\index.js:1606:20) {
    code: 'MODULE_NOT_FOUND',
    requireStack: [
      'C:\\Users\\maju\\Downloads\\anything\\anyth
ing\\apps\\mobile\\tsconfig.json'
    ]
  },
  tsconfigFile: 'C:\\Users\\maju\\Downloads\\anyth
ing\\anything\\apps\\mobile\\tsconfig.json'
}
[tsconfig-paths] An error occurred while parsing "
C:\Users\maju\Downloads\anything\anything\apps\mob
ile\tsconfig.json". See below for details. To 
disable this message, set the 
`ignoreConfigErrors` option to true.
TSConfckParseError: failed to resolve 
"extends":"expo/tsconfig.base" in C:\Users\maju\Do
wnloads\anything\anything\apps\mobile\tsconfig.jso
n
    at resolveExtends (file:///C:/Users/maju/Downl
oads/anything/anything/apps/web/node_modules/tscon
fck/src/parse.js:262:8)
    at parseExtends (file:///C:/Users/maju/Downloa
ds/anything/anything/apps/web/node_modules/tsconfc
k/src/parse.js:197:24)
    ... 5 lines matching cause stack trace ...
    at _createServer (file:///C:/Users/maju/Downlo
ads/anything/anything/apps/web/node_modules/vite/d
ist/node/chunks/dep-D4NMHUTW.js:38349:66)
    at configResolved (C:\Users\maju\Downloads\any
thing\anything\apps\web\node_modules\@react-router
\dev\dist\vite.js:3678:29)
    at async Promise.all (index 3) {
  code: 'EXTENDS_RESOLVE',
  cause: Error: Cannot find module 
'expo/tsconfig.base/tsconfig.json'
  Require stack:
  - C:\Users\maju\Downloads\anything\anything\apps
\mobile\tsconfig.json
      at Function._resolveFilename 
(node:internal/modules/cjs/loader:1401:15)
      at Function.resolve 
(node:internal/modules/helpers:145:19)
      at resolveExtends (file:///C:/Users/maju/Dow
nloads/anything/anything/apps/web/node_modules/tsc
onfck/src/parse.js:256:15)
      at parseExtends (file:///C:/Users/maju/Downl
oads/anything/anything/apps/web/node_modules/tscon
fck/src/parse.js:197:24)
      at Module.parse (file:///C:/Users/maju/Downl
oads/anything/anything/apps/web/node_modules/tscon
fck/src/parse.js:54:23)
      at async Promise.all (index 0)
      at configResolved (file:///C:/Users/maju/Dow
nloads/anything/anything/apps/web/node_modules/vit
e-tsconfig-paths/src/index.ts:106:9)
      at async Promise.all (index 1)
      at resolveConfig (file:///C:/Users/maju/Down
loads/anything/anything/apps/web/node_modules/vite
/dist/node/chunks/dep-D4NMHUTW.js:49120:3)
      at _createServer (file:///C:/Users/maju/Down
loads/anything/anything/apps/web/node_modules/vite
/dist/node/chunks/dep-D4NMHUTW.js:38349:66) {
    code: 'MODULE_NOT_FOUND',
    requireStack: [
      'C:\\Users\\maju\\Downloads\\anything\\anyth
ing\\apps\\mobile\\tsconfig.json'
    ]
  },
  tsconfigFile: 'C:\\Users\\maju\\Downloads\\anyth
ing\\anything\\apps\\mobile\\tsconfig.json'
}
[tsconfig-paths] An error occurred while parsing "
C:\Users\maju\Downloads\anything\anything\apps\mob
ile\tsconfig.json". See below for details. To 
disable this message, set the 
`ignoreConfigErrors` option to true.
TSConfckParseError: failed to resolve 
"extends":"expo/tsconfig.base" in C:\Users\maju\Do
wnloads\anything\anything\apps\mobile\tsconfig.jso
n
    at resolveExtends (file:///C:/Users/maju/Downl
oads/anything/anything/apps/web/node_modules/tscon
fck/src/parse.js:262:8)
    at parseExtends (file:///C:/Users/maju/Downloa
ds/anything/anything/apps/web/node_modules/tsconfc
k/src/parse.js:197:24)
    ... 5 lines matching cause stack trace ...
    at createBuilder (file:///C:/Users/maju/Downlo
ads/anything/anything/apps/web/node_modules/vite/d
ist/node/chunks/dep-D4NMHUTW.js:46736:18)
    at Module.build (file:///C:/Users/maju/Downloa
ds/anything/anything/apps/web/node_modules/vite/di
st/node/chunks/dep-D4NMHUTW.js:46010:19)
    at buildEnvironment (C:\Users\maju\Downloads\a
nything\anything\apps\web\node_modules\@react-rout
er\dev\dist\cli\index.js:2066:5) {
  code: 'EXTENDS_RESOLVE',
  cause: Error: Cannot find module 
'expo/tsconfig.base/tsconfig.json'
  Require stack:
  - C:\Users\maju\Downloads\anything\anything\apps
\mobile\tsconfig.json
      at Function._resolveFilename 
(node:internal/modules/cjs/loader:1401:15)
      at Function.resolve 
(node:internal/modules/helpers:145:19)
      at resolveExtends (file:///C:/Users/maju/Dow
nloads/anything/anything/apps/web/node_modules/tsc
onfck/src/parse.js:256:15)
      at parseExtends (file:///C:/Users/maju/Downl
oads/anything/anything/apps/web/node_modules/tscon
fck/src/parse.js:197:24)
      at Module.parse (file:///C:/Users/maju/Downl
oads/anything/anything/apps/web/node_modules/tscon
fck/src/parse.js:54:23)
      at async Promise.all (index 0)
      at configResolved (file:///C:/Users/maju/Dow
nloads/anything/anything/apps/web/node_modules/vit
e-tsconfig-paths/src/index.ts:106:9)
      at async Promise.all (index 1)
      at resolveConfig (file:///C:/Users/maju/Down
loads/anything/anything/apps/web/node_modules/vite
/dist/node/chunks/dep-D4NMHUTW.js:49120:3)
      at createBuilder (file:///C:/Users/maju/Down
loads/anything/anything/apps/web/node_modules/vite
/dist/node/chunks/dep-D4NMHUTW.js:46736:18) {
    code: 'MODULE_NOT_FOUND',
    requireStack: [
      'C:\\Users\\maju\\Downloads\\anything\\anyth
ing\\apps\\mobile\\tsconfig.json'
    ]
  },
  tsconfigFile: 'C:\\Users\\maju\\Downloads\\anyth
ing\\anything\\apps\\mobile\\tsconfig.json'
}
[tsconfig-paths] An error occurred while parsing "
C:\Users\maju\Downloads\anything\anything\apps\mob
ile\tsconfig.json". See below for details. To 
disable this message, set the 
`ignoreConfigErrors` option to true.
TSConfckParseError: failed to resolve 
"extends":"expo/tsconfig.base" in C:\Users\maju\Do
wnloads\anything\anything\apps\mobile\tsconfig.jso
n
    at resolveExtends (file:///C:/Users/maju/Downl
oads/anything/anything/apps/web/node_modules/tscon
fck/src/parse.js:262:8)
    at parseExtends (file:///C:/Users/maju/Downloa
ds/anything/anything/apps/web/node_modules/tsconfc
k/src/parse.js:197:24)
    ... 5 lines matching cause stack trace ...
    at _createServer (file:///C:/Users/maju/Downlo
ads/anything/anything/apps/web/node_modules/vite/d
ist/node/chunks/dep-D4NMHUTW.js:38349:66)
    at configResolved (C:\Users\maju\Downloads\any
thing\anything\apps\web\node_modules\@react-router
\dev\dist\vite.js:3678:29)
    at async Promise.all (index 3) {
  code: 'EXTENDS_RESOLVE',
  cause: Error: Cannot find module 
'expo/tsconfig.base/tsconfig.json'
  Require stack:
  - C:\Users\maju\Downloads\anything\anything\apps
\mobile\tsconfig.json
      at Function._resolveFilename 
(node:internal/modules/cjs/loader:1401:15)
      at Function.resolve 
(node:internal/modules/helpers:145:19)
      at resolveExtends (file:///C:/Users/maju/Dow
nloads/anything/anything/apps/web/node_modules/tsc
onfck/src/parse.js:256:15)
      at parseExtends (file:///C:/Users/maju/Downl
oads/anything/anything/apps/web/node_modules/tscon
fck/src/parse.js:197:24)
      at Module.parse (file:///C:/Users/maju/Downl
oads/anything/anything/apps/web/node_modules/tscon
fck/src/parse.js:54:23)
      at async Promise.all (index 0)
      at configResolved (file:///C:/Users/maju/Dow
nloads/anything/anything/apps/web/node_modules/vit
e-tsconfig-paths/src/index.ts:106:9)
      at async Promise.all (index 1)
      at resolveConfig (file:///C:/Users/maju/Down
loads/anything/anything/apps/web/node_modules/vite
/dist/node/chunks/dep-D4NMHUTW.js:49120:3)
      at _createServer (file:///C:/Users/maju/Down
loads/anything/anything/apps/web/node_modules/vite
/dist/node/chunks/dep-D4NMHUTW.js:38349:66) {
    code: 'MODULE_NOT_FOUND',
    requireStack: [
      'C:\\Users\\maju\\Downloads\\anything\\anyth
ing\\apps\\mobile\\tsconfig.json'
    ]
  },
  tsconfigFile: 'C:\\Users\\maju\\Downloads\\anyth
ing\\anything\\apps\\mobile\\tsconfig.json'
}
[36mvite v6.4.1 [32mbuilding for production...[36m[39m
transforming...
[32mΓ£ô[39m 2125 modules transformed.
rendering chunks...
computing gzip size...
[2mbuild/client/[22m[32m.vite/manifest.json                      [39m[1m[2m  4.07 kB[22m[1m[22m[2m Γöé gzip:  0.62 kB[22m
[2mbuild/client/[22m[35massets/root-DhTddfEZ.css                 [39m[1m[2m 34.60 kB[22m[1m[22m[2m Γöé gzip:  6.41 kB[22m
[2mbuild/client/[22m[36massets/useAuth-DPH8oj8D.js               [39m[1m[2m  1.43 kB[22m[1m[22m[2m Γöé gzip:  0.60 kB[22m
[2mbuild/client/[22m[36massets/page-CBy5rR7f.js                  [39m[1m[2m  2.51 kB[22m[1m[22m[2m Γöé gzip:  1.09 kB[22m
[2mbuild/client/[22m[36massets/page-C7L327qc.js                  [39m[1m[2m  3.59 kB[22m[1m[22m[2m Γöé gzip:  1.38 kB[22m
[2mbuild/client/[22m[36massets/PolymorphicComponent-Dm5Wp9cn.js  [39m[1m[2m  3.76 kB[22m[1m[22m[2m Γöé gzip:  1.39 kB[22m
[2mbuild/client/[22m[36massets/page-CH2XL8Ce.js                  [39m[1m[2m  4.32 kB[22m[1m[22m[2m Γöé gzip:  1.79 kB[22m
[2mbuild/client/[22m[36massets/page-CtNOtVUK.js                  [39m[1m[2m  5.06 kB[22m[1m[22m[2m Γöé gzip:  1.65 kB[22m
[2mbuild/client/[22m[36massets/not-found-xJNh3IH7.js             [39m[1m[2m  6.13 kB[22m[1m[22m[2m Γöé gzip:  2.19 kB[22m
[2mbuild/client/[22m[36massets/entry.client-Cf8543xM.js          [39m[1m[2m  7.57 kB[22m[1m[22m[2m Γöé gzip:  2.74 kB[22m
[2mbuild/client/[22m[36massets/react-C6AlfaV-.js                 [39m[1m[2m  8.57 kB[22m[1m[22m[2m Γöé gzip:  3.17 kB[22m
[2mbuild/client/[22m[36massets/layout-YXad9Roj.js                [39m[1m[2m 32.77 kB[22m[1m[22m[2m Γöé gzip:  8.82 kB[22m
[2mbuild/client/[22m[36massets/root-DjGIMwrp.js                  [39m[1m[2m110.85 kB[22m[1m[22m[2m Γöé gzip: 32.15 kB[22m
[2mbuild/client/[22m[36massets/chunk-QFMPRPBF-Yc1UhfoJ.js        [39m[1m[2m128.01 kB[22m[1m[22m[2m Γöé gzip: 42.65 kB[22m
[2mbuild/client/[22m[36massets/index-DfaBxr-D.js                 [39m[1m[2m135.14 kB[22m[1m[22m[2m Γöé gzip: 43.33 kB[22m
[2mbuild/client/[22m[36massets/page-C-XuVTAb.js                  [39m[1m[2m243.90 kB[22m[1m[22m[2m Γöé gzip: 58.65 kB[22m
[32mΓ£ô built in 16.91s[39m
[tsconfig-paths] An error occurred while parsing "
C:\Users\maju\Downloads\anything\anything\apps\mob
ile\tsconfig.json". See below for details. To 
disable this message, set the 
`ignoreConfigErrors` option to true.
TSConfckParseError: failed to resolve 
"extends":"expo/tsconfig.base" in C:\Users\maju\Do
wnloads\anything\anything\apps\mobile\tsconfig.jso
n
    at resolveExtends (file:///C:/Users/maju/Downl
oads/anything/anything/apps/web/node_modules/tscon
fck/src/parse.js:262:8)
    at parseExtends (file:///C:/Users/maju/Downloa
ds/anything/anything/apps/web/node_modules/tsconfc
k/src/parse.js:197:24)
    ... 12 lines matching cause stack trace ...
    at run2 (C:\Users\maju\Downloads\anything\anyt
hing\apps\web\node_modules\@react-router\dev\dist\
cli\index.js:2632:7) {
  code: 'EXTENDS_RESOLVE',
  cause: Error: Cannot find module 
'expo/tsconfig.base/tsconfig.json'
  Require stack:
  - C:\Users\maju\Downloads\anything\anything\apps
\mobile\tsconfig.json
      at Function._resolveFilename 
(node:internal/modules/cjs/loader:1401:15)
      at Function.resolve 
(node:internal/modules/helpers:145:19)
      at resolveExtends (file:///C:/Users/maju/Dow
nloads/anything/anything/apps/web/node_modules/tsc
onfck/src/parse.js:256:15)
      at parseExtends (file:///C:/Users/maju/Downl
oads/anything/anything/apps/web/node_modules/tscon
fck/src/parse.js:197:24)
      at Module.parse (file:///C:/Users/maju/Downl
oads/anything/anything/apps/web/node_modules/tscon
fck/src/parse.js:54:23)
      at async Promise.all (index 1)
      at configResolved (file:///C:/Users/maju/Dow
nloads/anything/anything/apps/web/node_modules/vit
e-tsconfig-paths/src/index.ts:106:9)
      at async Promise.all (index 1)
      at resolveConfig (file:///C:/Users/maju/Down
loads/anything/anything/apps/web/node_modules/vite
/dist/node/chunks/dep-D4NMHUTW.js:49120:3)
      at createBuilder (file:///C:/Users/maju/Down
loads/anything/anything/apps/web/node_modules/vite
/dist/node/chunks/dep-D4NMHUTW.js:46736:18)
      at Module.build (file:///C:/Users/maju/Downl
oads/anything/anything/apps/web/node_modules/vite/
dist/node/chunks/dep-D4NMHUTW.js:46010:19)
      at buildEnvironment (C:\Users\maju\Downloads
\anything\anything\apps\web\node_modules\@react-ro
uter\dev\dist\cli\index.js:2066:5)
      at async Promise.all (index 0)
      at viteBuild (C:\Users\maju\Downloads\anythi
ng\anything\apps\web\node_modules\@react-router\de
v\dist\cli\index.js:2102:3)
      at build (C:\Users\maju\Downloads\anything\a
nything\apps\web\node_modules\@react-router\dev\di
st\cli\index.js:1963:10)
      at build2 (C:\Users\maju\Downloads\anything\
anything\apps\web\node_modules\@react-router\dev\d
ist\cli\index.js:2301:5)
      at run2 (C:\Users\maju\Downloads\anything\an
ything\apps\web\node_modules\@react-router\dev\dis
t\cli\index.js:2632:7) {
    code: 'MODULE_NOT_FOUND',
    requireStack: [
      'C:\\Users\\maju\\Downloads\\anything\\anyth
ing\\apps\\mobile\\tsconfig.json'
    ]
  },
  tsconfigFile: 'C:\\Users\\maju\\Downloads\\anyth
ing\\anything\\apps\\mobile\\tsconfig.json'
}
[tsconfig-paths] An error occurred while parsing "
C:\Users\maju\Downloads\anything\anything\apps\mob
ile\tsconfig.json". See below for details. To 
disable this message, set the 
`ignoreConfigErrors` option to true.
TSConfckParseError: failed to resolve 
"extends":"expo/tsconfig.base" in C:\Users\maju\Do
wnloads\anything\anything\apps\mobile\tsconfig.jso
n
    at resolveExtends (file:///C:/Users/maju/Downl
oads/anything/anything/apps/web/node_modules/tscon
fck/src/parse.js:262:8)
    at parseExtends (file:///C:/Users/maju/Downloa
ds/anything/anything/apps/web/node_modules/tsconfc
k/src/parse.js:197:24)
    ... 16 lines matching cause stack trace ...
    at run2 (C:\Users\maju\Downloads\anything\anyt
hing\apps\web\node_modules\@react-router\dev\dist\
cli\index.js:2632:7) {
  code: 'EXTENDS_RESOLVE',
  cause: Error: Cannot find module 
'expo/tsconfig.base/tsconfig.json'
  Require stack:
  - C:\Users\maju\Downloads\anything\anything\apps
\mobile\tsconfig.json
      at Function._resolveFilename 
(node:internal/modules/cjs/loader:1401:15)
      at Function.resolve 
(node:internal/modules/helpers:145:19)
      at resolveExtends (file:///C:/Users/maju/Dow
nloads/anything/anything/apps/web/node_modules/tsc
onfck/src/parse.js:256:15)
      at parseExtends (file:///C:/Users/maju/Downl
oads/anything/anything/apps/web/node_modules/tscon
fck/src/parse.js:197:24)
      at Module.parse (file:///C:/Users/maju/Downl
oads/anything/anything/apps/web/node_modules/tscon
fck/src/parse.js:54:23)
      at async Promise.all (index 0)
      at configResolved (file:///C:/Users/maju/Dow
nloads/anything/anything/apps/web/node_modules/vit
e-tsconfig-paths/src/index.ts:106:9)
      at async Promise.all (index 1)
      at resolveConfig (file:///C:/Users/maju/Down
loads/anything/anything/apps/web/node_modules/vite
/dist/node/chunks/dep-D4NMHUTW.js:49120:3)
      at _createServer (file:///C:/Users/maju/Down
loads/anything/anything/apps/web/node_modules/vite
/dist/node/chunks/dep-D4NMHUTW.js:38349:66)
      at configResolved (C:\Users\maju\Downloads\a
nything\anything\apps\web\node_modules\@react-rout
er\dev\dist\vite.js:3678:29)
      at async Promise.all (index 3)
      at resolveConfig (file:///C:/Users/maju/Down
loads/anything/anything/apps/web/node_modules/vite
/dist/node/chunks/dep-D4NMHUTW.js:49120:3)
      at createBuilder (file:///C:/Users/maju/Down
loads/anything/anything/apps/web/node_modules/vite
/dist/node/chunks/dep-D4NMHUTW.js:46736:18)
      at Module.build (file:///C:/Users/maju/Downl
oads/anything/anything/apps/web/node_modules/vite/
dist/node/chunks/dep-D4NMHUTW.js:46010:19)
      at buildEnvironment (C:\Users\maju\Downloads
\anything\anything\apps\web\node_modules\@react-ro
uter\dev\dist\cli\index.js:2066:5)
      at async Promise.all (index 0)
      at viteBuild (C:\Users\maju\Downloads\anythi
ng\anything\apps\web\node_modules\@react-router\de
v\dist\cli\index.js:2102:3)
      at build (C:\Users\maju\Downloads\anything\a
nything\apps\web\node_modules\@react-router\dev\di
st\cli\index.js:1963:10)
      at build2 (C:\Users\maju\Downloads\anything\
anything\apps\web\node_modules\@react-router\dev\d
ist\cli\index.js:2301:5)
      at run2 (C:\Users\maju\Downloads\anything\an
ything\apps\web\node_modules\@react-router\dev\dis
t\cli\index.js:2632:7) {
    code: 'MODULE_NOT_FOUND',
    requireStack: [
      'C:\\Users\\maju\\Downloads\\anything\\anyth
ing\\apps\\mobile\\tsconfig.json'
    ]
  },
  tsconfigFile: 'C:\\Users\\maju\\Downloads\\anyth
ing\\anything\\apps\\mobile\\tsconfig.json'
}
[36mvite v6.4.1 [32mbuilding SSR bundle for production...[36m[39m
transforming...
[33msrc/app/__create/social-dev-shim/page.jsx?noL
ayout.jsx (1:0): Error when using sourcemap for 
reporting an error: Can't resolve original 
location of error.[39m
[33msrc/app/page.jsx?noLayout.jsx (1:0): Error 
when using sourcemap for reporting an error: 
Can't resolve original location of error.[39m
[33m"Smartphone" is imported from external 
module "lucide-react" but never used in 
"src/app/page.jsx?noLayout.jsx".[39m
[33m"useSpring" is imported from external module 
"framer-motion" but never used in 
"src/app/page.jsx?noLayout.jsx".[39m
[32mΓ£ô[39m 47 modules transformed.
[31mΓ£ù[39m Build failed in 2.27s
[31m[vite:esbuild-transpile] Transform failed 
with 2 errors:
assets/index-!~{001}~.js:1109:0: ERROR: Top-level 
await is not available in the configured target 
environment ("chrome87", "edge88", "es2020", 
"firefox78", "safari14" + 2 overrides)
assets/index-!~{001}~.js:1356:14: ERROR: 
Top-level await is not available in the 
configured target environment ("chrome87", 
"edge88", "es2020", "firefox78", "safari14" + 2 
overrides)[39m
file: [36massets/index-!~{001}~.js:1109:0[39m
[33m
[33mTop-level await is not available in the 
configured target environment ("chrome87", 
"edge88", "es2020", "firefox78", "safari14" + 2 
overrides)[33m
1107|    }
1108|  }
1109|  await registerRoutes();
   |  ^
1110|  
1111|  neonConfig.webSocketConstructor = ws;

[33mTop-level await is not available in the 
configured target environment ("chrome87", 
"edge88", "es2020", "firefox78", "safari14" + 2 
overrides)[33m
1354|  });
1355|  app.route(API_BASENAME, api);
1356|  const index = await createHonoServer({
   |                ^
1357|    app,
1358|    defaultLogger: false
[39m
    at failureErrorWithLog (C:\Users\maju\Download
s\anything\anything\apps\web\node_modules\esbuild\
lib\main.js:1467:15)
    at C:\Users\maju\Downloads\anything\anything\a
pps\web\node_modules\esbuild\lib\main.js:736:50
    at responseCallbacks.<computed> (C:\Users\maju
\Downloads\anything\anything\apps\web\node_modules
\esbuild\lib\main.js:603:9)
    at handleIncomingPacket (C:\Users\maju\Downloa
ds\anything\anything\apps\web\node_modules\esbuild
\lib\main.js:658:12)
    at Socket.readFromStdout (C:\Users\maju\Downlo
ads\anything\anything\apps\web\node_modules\esbuil
d\lib\main.js:581:7)
    at Socket.emit (node:events:518:28)
    at addChunk 
(node:internal/streams/readable:561:12)
    at readableAddChunkPushByteMode 
(node:internal/streams/readable:512:3)
    at Socket.Readable.push 
(node:internal/streams/readable:392:5)
    at Pipe.onStreamRead 
(node:internal/stream_base_commons:189:23) {
  errors: [Getter/Setter],
  warnings: [Getter/Setter],
  frame: '\n' +
    '\x1B[33mTop-level await is not available in 
the configured target environment ("chrome87", 
"edge88", "es2020", "firefox78", "safari14" + 2 
overrides)\x1B[39m\n' +
    '1107|    }\n' +
    '1108|  }\n' +
    '1109|  await registerRoutes();\n' +
    '   |  ^\n' +
    '1110|  \n' +
    '1111|  neonConfig.webSocketConstructor = 
ws;\n' +
    '\n' +
    '\x1B[33mTop-level await is not available in 
the configured target environment ("chrome87", 
"edge88", "es2020", "firefox78", "safari14" + 2 
overrides)\x1B[39m\n' +
    '1354|  });\n' +
    '1355|  app.route(API_BASENAME, api);\n' +
    '1356|  const index = await 
createHonoServer({\n' +
    '   |                ^\n' +
    '1357|    app,\n' +
    '1358|    defaultLogger: false\n',
  loc: {
    column: 0,
    file: 'assets/index-!~{001}~.js',
    length: 5,
    line: 1109,
    lineText: 'await registerRoutes();',
    namespace: '',
    suggestion: ''
  },
  code: 'PLUGIN_ERROR',
  plugin: 'vite:esbuild-transpile',
  hook: 'renderChunk'
}
npm error Lifecycle script `build` failed with 
error:
npm error code 1
npm error path 
C:\Users\maju\Downloads\anything\anything\apps\web
npm error workspace web
npm error location 
C:\Users\maju\Downloads\anything\anything\apps\web
npm error command failed
npm error command C:\WINDOWS\system32\cmd.exe /d 
/s /c react-router build
